========================================================================
AMC DASHBOARD PIPELINE — RUN LOG
========================================================================
Pipeline Status : KILLED
Started         : 2026-09-03 20:19:57
Ended           : 2026-09-03 20:22:36
Total Runtime   : 00:02:38
Stages Executed : 1
Stages Passed   : 0
Stages Failed   : 0

========================================================================
STAGE 01 — AUM INGESTION
Status   : KILLED
Script   : 01-data-ingestion/aum/amfi_aum.py
Started  : 20:19:57
Ended    : 20:22:36
Duration : 00:02:39

── STDOUT ──

══════════════════════════════════════════════════════════
  AMFI AUM Ingestion Pipeline
══════════════════════════════════════════════════════════

  [downloader] Opening https://www.amfiindia.com/aum-data/average-aum …
  [downloader] Applying filters …

── STDERR ──
(no output)

========================================================================
END OF LOG
========================================================================